[周日 2024/09/15 19:33:06.25] 创建工作空间：z.code-workspace 
[周日 2024/09/15 19:34:03.05] 创建工作空间：s.code-workspace 
[周日 2024/09/15 19:48:17.96] 创建工作空间：ss.code-workspace 
[周日 2024/09/15 20:00:42.91] 创建工作空间：ee.code-workspace 
[周日 2024/09/15 20:02:22.84] 创建工作空间：3.code-workspace 
[周日 2024/09/15 20:05:45.66] 创建工作空间：4.code-workspace 
[周日 2024/09/15 21:36:15.09] 创建工作空间：ws-123.code-workspace 
[周日 2024/09/15 21:36:30.04] 创建工作空间：wsl-321.code-workspace 
[周日 2024/09/15 21:39:49.45] 删除工作空间：ws-123.code-workspace 
[周日 2024/09/15 21:39:51.72] 删除项目目录：D:\\AI_Research\\WS-HUB\\WS-123 
[周日 2024/09/15 21:41:20.45] 删除工作空间：ws-123.code-workspace 
[周日 2024/09/15 21:45:05.40] 删除工作空间：ws-123.code-workspace 
[周日 2024/09/15 21:49:43.66] 删除工作空间：ws-123.code-workspace 
[周日 2024/09/15 21:50:04.15] 删除工作空间：ws-123.code-workspace 
[周日 2024/09/15 21:50:18.40] 删除工作空间：wsl-321.code-workspace 
[周日 2024/09/15 21:50:20.57] 删除项目目录：D:\\AI_Research\\WS-HUB\\WSL-321 
[周日 2024/09/15 21:51:43.81] 删除工作空间：ws-123.code-workspace 
[周日 2024/09/15 21:55:14.36] 删除工作空间：wsl-321.code-workspace 
[周日 2024/09/15 21:55:47.16] 删除工作空间：wsl-321.code-workspace 
[周日 2024/09/15 22:07:27.90] 删除工作空间：wsl-321.code-workspace 
[周日 2024/09/15 22:08:41.89] 删除工作空间：wsl-321.code-workspace 
[周日 2024/09/15 22:11:39.58] 删除工作空间：wsl-321.code-workspace 
[周日 2024/09/15 22:12:39.00] 删除工作空间：wsl-321.code-workspace 
